**********************
Windows PowerShell transcript start
Start time: 20260919091141
Username: NMG\Administrator
RunAs User: NMG\Administrator
Configuration Name: 
Machine: WIN-Q59463GT2MP (Microsoft Windows NT 10.0.20348.0)
Host Application: C:\Windows\system32\WindowsPowerShell\v1.0\PowerShell_ISE.exe
Process ID: 7092
PSVersion: 5.1.20348.558
PSEdition: Desktop
PSCompatibleVersions: 1.0, 2.0, 3.0, 4.0, 5.0, 5.1.20348.558
BuildVersion: 10.0.20348.558
CLRVersion: 4.0.30319.42000
WSManStackVersion: 3.0
PSRemotingProtocolVersion: 2.3
SerializationVersion: 1.1.0.1
**********************

  DISABLE-NMGUSER
  Target : kferreira
  Ticket : NMG-0213
  Run by : Administrator

  STOP: kferreira is already disabled.
        Existing note: Offboarded 2026-09-16 | Ticket NMG-0203
        Re-running would overwrite that record.
**********************
Windows PowerShell transcript end
End time: 20260919091144
**********************
